Archive member included to satisfy reference by file (symbol)

c:/program files (x86)/atmel/studio/7.0/toolchain/avr8/avr8-gnu-toolchain/bin/../lib/gcc/avr/4.9.2/../../../../avr/lib/avr51\libm.a(acos.o)
                              propagator.o (acos)
c:/program files (x86)/atmel/studio/7.0/toolchain/avr8/avr8-gnu-toolchain/bin/../lib/gcc/avr/4.9.2/../../../../avr/lib/avr51\libm.a(addsf3.o)
                              comm.o (__subsf3)
c:/program files (x86)/atmel/studio/7.0/toolchain/avr8/avr8-gnu-toolchain/bin/../lib/gcc/avr/4.9.2/../../../../avr/lib/avr51\libm.a(addsf3x.o)
                              c:/program files (x86)/atmel/studio/7.0/toolchain/avr8/avr8-gnu-toolchain/bin/../lib/gcc/avr/4.9.2/../../../../avr/lib/avr51\libm.a(acos.o) (__addsf3x)
c:/program files (x86)/atmel/studio/7.0/toolchain/avr8/avr8-gnu-toolchain/bin/../lib/gcc/avr/4.9.2/../../../../avr/lib/avr51\libm.a(asin.o)
                              comm.o (asin)
c:/program files (x86)/atmel/studio/7.0/toolchain/avr8/avr8-gnu-toolchain/bin/../lib/gcc/avr/4.9.2/../../../../avr/lib/avr51\libm.a(atan2.o)
                              frame.o (atan2)
c:/program files (x86)/atmel/studio/7.0/toolchain/avr8/avr8-gnu-toolchain/bin/../lib/gcc/avr/4.9.2/../../../../avr/lib/avr51\libm.a(atan.o)
                              c:/program files (x86)/atmel/studio/7.0/toolchain/avr8/avr8-gnu-toolchain/bin/../lib/gcc/avr/4.9.2/../../../../avr/lib/avr51\libm.a(atan2.o) (atan)
c:/program files (x86)/atmel/studio/7.0/toolchain/avr8/avr8-gnu-toolchain/bin/../lib/gcc/avr/4.9.2/../../../../avr/lib/avr51\libm.a(cmpsf2.o)
                              controller.o (__eqsf2)
c:/program files (x86)/atmel/studio/7.0/toolchain/avr8/avr8-gnu-toolchain/bin/../lib/gcc/avr/4.9.2/../../../../avr/lib/avr51\libm.a(cos.o)
                              frame.o (cos)
c:/program files (x86)/atmel/studio/7.0/toolchain/avr8/avr8-gnu-toolchain/bin/../lib/gcc/avr/4.9.2/../../../../avr/lib/avr51\libm.a(divsf3.o)
                              comm.o (__divsf3)
c:/program files (x86)/atmel/studio/7.0/toolchain/avr8/avr8-gnu-toolchain/bin/../lib/gcc/avr/4.9.2/../../../../avr/lib/avr51\libm.a(divsf3x.o)
                              c:/program files (x86)/atmel/studio/7.0/toolchain/avr8/avr8-gnu-toolchain/bin/../lib/gcc/avr/4.9.2/../../../../avr/lib/avr51\libm.a(divsf3.o) (__divsf3x)
c:/program files (x86)/atmel/studio/7.0/toolchain/avr8/avr8-gnu-toolchain/bin/../lib/gcc/avr/4.9.2/../../../../avr/lib/avr51\libm.a(fixsfsi.o)
                              frame.o (__fixsfsi)
c:/program files (x86)/atmel/studio/7.0/toolchain/avr8/avr8-gnu-toolchain/bin/../lib/gcc/avr/4.9.2/../../../../avr/lib/avr51\libm.a(fixunssfsi.o)
                              controller.o (__fixunssfsi)
c:/program files (x86)/atmel/studio/7.0/toolchain/avr8/avr8-gnu-toolchain/bin/../lib/gcc/avr/4.9.2/../../../../avr/lib/avr51\libm.a(floatsisf.o)
                              controller.o (__floatunsisf)
c:/program files (x86)/atmel/studio/7.0/toolchain/avr8/avr8-gnu-toolchain/bin/../lib/gcc/avr/4.9.2/../../../../avr/lib/avr51\libm.a(floatundisf.o)
                              frame.o (__floatundisf)
c:/program files (x86)/atmel/studio/7.0/toolchain/avr8/avr8-gnu-toolchain/bin/../lib/gcc/avr/4.9.2/../../../../avr/lib/avr51\libm.a(fp_arccos.o)
                              c:/program files (x86)/atmel/studio/7.0/toolchain/avr8/avr8-gnu-toolchain/bin/../lib/gcc/avr/4.9.2/../../../../avr/lib/avr51\libm.a(acos.o) (__fp_arccos)
c:/program files (x86)/atmel/studio/7.0/toolchain/avr8/avr8-gnu-toolchain/bin/../lib/gcc/avr/4.9.2/../../../../avr/lib/avr51\libm.a(fp_cmp.o)
                              c:/program files (x86)/atmel/studio/7.0/toolchain/avr8/avr8-gnu-toolchain/bin/../lib/gcc/avr/4.9.2/../../../../avr/lib/avr51\libm.a(cmpsf2.o) (__fp_cmp)
c:/program files (x86)/atmel/studio/7.0/toolchain/avr8/avr8-gnu-toolchain/bin/../lib/gcc/avr/4.9.2/../../../../avr/lib/avr51\libm.a(fp_inf.o)
                              c:/program files (x86)/atmel/studio/7.0/toolchain/avr8/avr8-gnu-toolchain/bin/../lib/gcc/avr/4.9.2/../../../../avr/lib/avr51\libm.a(addsf3x.o) (__fp_inf)
c:/program files (x86)/atmel/studio/7.0/toolchain/avr8/avr8-gnu-toolchain/bin/../lib/gcc/avr/4.9.2/../../../../avr/lib/avr51\libm.a(fp_nan.o)
                              c:/program files (x86)/atmel/studio/7.0/toolchain/avr8/avr8-gnu-toolchain/bin/../lib/gcc/avr/4.9.2/../../../../avr/lib/avr51\libm.a(addsf3x.o) (__fp_nan)
c:/program files (x86)/atmel/studio/7.0/toolchain/avr8/avr8-gnu-toolchain/bin/../lib/gcc/avr/4.9.2/../../../../avr/lib/avr51\libm.a(fp_powser.o)
                              c:/program files (x86)/atmel/studio/7.0/toolchain/avr8/avr8-gnu-toolchain/bin/../lib/gcc/avr/4.9.2/../../../../avr/lib/avr51\libm.a(atan.o) (__fp_powser)
c:/program files (x86)/atmel/studio/7.0/toolchain/avr8/avr8-gnu-toolchain/bin/../lib/gcc/avr/4.9.2/../../../../avr/lib/avr51\libm.a(fp_powsodd.o)
[...]
Memory Configuration

Name             Origin             Length             Attributes
text             0x00000000         0x00020000         xr
data             0x00800100         0x0000ff00         rw !x
eeprom           0x00810000         0x00010000         rw !x
fuse             0x00820000         0x00000400         rw !x
lock             0x00830000         0x00000400         rw !x
signature        0x00840000         0x00000400         rw !x
user_signatures  0x00850000         0x00000400         rw !x
*default*        0x00000000         0xffffffff

Linker script and memory map

Address of section .data set to 0x800100
LOAD C:/Program Files (x86)/Atmel/Studio/7.0/Packs/atmel/ATmega_DFP/1.0.106/gcc/dev/atmega128/avr51/crtatmega128.o
LOAD comm.o
LOAD controller.o
LOAD frame.o
LOAD gps.o
LOAD hm.o
LOAD igrf.o
LOAD mag.o
LOAD mathutil.o
LOAD peripherals.o
LOAD propagator.o
LOAD quest.o
LOAD spi.o
LOAD sun.o
LOAD timer.o
LOAD uart.o
LOAD xyz.o
START GROUP
LOAD c:/program files (x86)/atmel/studio/7.0/toolchain/avr8/avr8-gnu-toolchain/bin/../lib/gcc/avr/4.9.2/../../../../avr/lib/avr51\libm.a
END GROUP
START GROUP
LOAD c:/program files (x86)/atmel/studio/7.0/toolchain/avr8/avr8-gnu-toolchain/bin/../lib/gcc/avr/4.9.2/avr51\libgcc.a
LOAD c:/program files (x86)/atmel/studio/7.0/toolchain/avr8/avr8-gnu-toolchain/bin/../lib/gcc/avr/4.9.2/../../../../avr/lib/avr51\libm.a
LOAD c:/program files (x86)/atmel/studio/7.0/toolchain/avr8/avr8-gnu-toolchain/bin/../lib/gcc/avr/4.9.2/../../../../avr/lib/avr51\libc.a
LOAD C:/Program Files (x86)/Atmel/Studio/7.0/Packs/atmel/ATmega_DFP/1.0.106/gcc/dev/atmega128/avr51\libatmega128.a
END GROUP
                0x00020000                __TEXT_REGION_LENGTH__ = DEFINED (__TEXT_REGION_LENGTH__)?__TEXT_REGION_LENGTH__:0x20000
                0x0000ff00                __DATA_REGION_LENGTH__ = DEFINED (__DATA_REGION_LENGTH__)?__DATA_REGION_LENGTH__:0xff00
                0x00010000                __EEPROM_REGION_LENGTH__ = DEFINED (__EEPROM_REGION_LENGTH__)?__EEPROM_REGION_LENGTH__:0x10000
                0x00000400                __FUSE_REGION_LENGTH__ = DEFINED (__FUSE_REGION_LENGTH__)?__FUSE_REGION_LENGTH__:0x400
                0x00000400                __LOCK_REGION_LENGTH__ = DEFINED (__LOCK_REGION_LENGTH__)?__LOCK_REGION_LENGTH__:0x400
                0x00000400                __SIGNATURE_REGION_LENGTH__ = DEFINED (__SIGNATURE_REGION_LENGTH__)?__SIGNATURE_REGION_LENGTH__:0x400
                0x00000400                __USER_SIGNATURE_REGION_LENGTH__ = DEFINED (__USER_SIGNATURE_REGION_LENGTH__)?__USER_SIGNATURE_REGION_LENGTH__:0x400

.hash
 *(.hash)

.dynsym
 *(.dynsym)

.dynstr
 *(.dynstr)

.gnu.version
 *(.gnu.version)

.gnu.version_d
 *(.gnu.version_d)

.gnu.version_r
 *(.gnu.version_r)

.rel.init
 *(.rel.init)

.rela.init
 *(.rela.init)

.rel.text
 *(.rel.text)
 *(.rel.text.*)
 *(.rel.gnu.linkonce.t*)

.rela.text
 *(.rela.text)
 *(.rela.text.*)
 *(.rela.gnu.linkonce.t*)

.rel.fini
 *(.rel.fini)

.rela.fini
 *(.rela.fini)

.rel.rodata
 *(.rel.rodata)
 *(.rel.rodata.*)
 *(.rel.gnu.linkonce.r*)

.rela.rodata
 *(.rela.rodata)
 *(.rela.rodata.*)
 *(.rela.gnu.linkonce.r*)

.rel.data
 *(.rel.data)
 *(.rel.data.*)
 *(.rel.gnu.linkonce.d*)

.rela.data
 *(.rela.data)
 *(.rela.data.*)
 *(.rela.gnu.linkonce.d*)

.rel.ctors
 *(.rel.ctors)

.rela.ctors
 *(.rela.ctors)

.rel.dtors
 *(.rel.dtors)

.rela.dtors
 *(.rela.dtors)

.rel.got
 *(.rel.got)

.rela.got
 *(.rela.got)

.rel.bss
 *(.rel.bss)

.rela.bss
 *(.rela.bss)

.rel.plt
 *(.rel.plt)

.rela.plt
 *(.rela.plt)

.text           0x00000000     0x6cd4
 *(.vectors)
 .vectors       0x00000000       0x8c C:/Program Files (x86)/Atmel/Studio/7.0/Packs/atmel/ATmega_DFP/1.0.106/gcc/dev/atmega128/avr51/crtatmega128.o
                0x00000000                __vector_default
                0x00000000                __vectors
 *(.vectors)
 *(.progmem.gcc*)
 .progmem.gcc_sw_table.days_in_months
                0x0000008c       0x16 frame.o
 .progmem.gcc_fplib
                0x000000a2       0x14 c:/program files (x86)/atmel/studio/7.0/toolchain/avr8/avr8-gnu-toolchain/bin/../lib/gcc/avr/4.9.2/../../../../avr/lib/avr51\libm.a(asin.o)
 .progmem.gcc_fplib
                0x000000b6       0x2d c:/program files (x86)/atmel/studio/7.0/toolchain/avr8/avr8-gnu-toolchain/bin/../lib/gcc/avr/4.9.2/../../../../avr/lib/avr51\libm.a(atan.o)
 .progmem.gcc_fplib
                0x000000e3       0x28 c:/program files (x86)/atmel/studio/7.0/toolchain/avr8/avr8-gnu-toolchain/bin/../lib/gcc/avr/4.9.2/../../../../avr/lib/avr51\libm.a(fp_arccos.o)
 .progmem.gcc_fplib
                0x0000010b       0x1e c:/program files (x86)/atmel/studio/7.0/toolchain/avr8/avr8-gnu-toolchain/bin/../lib/gcc/avr/4.9.2/../../../../avr/lib/avr51\libm.a(fp_sinus.o)
 .progmem.gcc_fplib
                0x00000129       0x28 c:/program files (x86)/atmel/studio/7.0/toolchain/avr8/avr8-gnu-toolchain/bin/../lib/gcc/avr/4.9.2/../../../../avr/lib/avr51\libm.a(exp.o)
 .progmem.gcc_fplib
                0x00000151       0x5a c:/program files (x86)/atmel/studio/7.0/toolchain/avr8/avr8-gnu-toolchain/bin/../lib/gcc/avr/4.9.2/../../../../avr/lib/avr51\libm.a(log.o)
                0x000001ac                . = ALIGN (0x2)
 *fill*         0x000001ab        0x1 
                0x000001ac                __trampolines_start = .
 *(.trampolines)
 .trampolines   0x000001ac        0x0 linker stubs
 *(.trampolines*)
                0x000001ac                __trampolines_end = .
 *libprintf_flt.a:*(.progmem.data)
 *libc.a:*(.progmem.data)
 *(.progmem*)
 .progmem.data.dgh
                0x000001ac      0x310 igrf.o
 .progmem.data.agh
                0x000004bc      0x310 igrf.o
                0x000007cc                . = ALIGN (0x2)
 *(.jumptables)
 *(.jumptables*)
 *(.lowtext)
 *(.lowtext*)
                0x000007cc                __ctors_start = .
 *(.ctors)
                0x000007cc                __ctors_end = .
                0x000007cc                __dtors_start = .
 *(.dtors)
                0x000007cc                __dtors_end = .
 SORT(*)(.ctors)
 SORT(*)(.dtors)
 *(.init0)
 .init0         0x000007cc        0x0 C:/Program Files (x86)/Atmel/Studio/7.0/Packs/atmel/ATmega_DFP/1.0.106/gcc/dev/atmega128/avr51/crtatmega128.o
                0x000007cc                __init
 *(.init0)
 *(.init1)
 *(.init1)
 *(.init2)
 .init2         0x000007cc        0xc C:/Program Files (x86)/Atmel/Studio/7.0/Packs/atmel/ATmega_DFP/1.0.106/gcc/dev/atmega128/avr51/crtatmega128.o
 *(.init2)
 *(.init3)
 *(.init3)
 *(.init4)
 .init4         0x000007d8       0x1a c:/program files (x86)/atmel/studio/7.0/toolchain/avr8/avr8-gnu-toolchain/bin/../lib/gcc/avr/4.9.2/avr51\libgcc.a(_copy_data.o)
                0x000007d8                __do_copy_data
 .init4         0x000007f2       0x10 c:/program files (x86)/atmel/studio/7.0/toolchain/avr8/avr8-gnu-toolchain/bin/../lib/gcc/avr/4.9.2/avr51\libgcc.a(_clear_bss.o)
                0x000007f2                __do_clear_bss
 *(.init4)
 *(.init5)
 *(.init5)
 *(.init6)
 *(.init6)
 *(.init7)
 *(.init7)
 *(.init8)
 *(.init8)
 *(.init9)
 .init9         0x00000802        0x8 C:/Program Files (x86)/Atmel/Studio/7.0/Packs/atmel/ATmega_DFP/1.0.106/gcc/dev/atmega128/avr51/crtatmega128.o
 *(.init9)
 *(.text)
 .text          0x0000080a        0x2 C:/Program Files (x86)/Atmel/Studio/7.0/Packs/atmel/ATmega_DFP/1.0.106/gcc/dev/atmega128/avr51/crtatmega128.o
                0x0000080a                __vector_22
                0x0000080a                __vector_28
                0x0000080a                __vector_1
                0x0000080a                __vector_32
                0x0000080a                __vector_34
                0x0000080a                __vector_24
                0x0000080a                __vector_12
                0x0000080a                __bad_interrupt
                0x0000080a                __vector_6
                0x0000080a                __vector_31
                0x0000080a                __vector_3
                0x0000080a                __vector_23
                0x0000080a                __vector_25
                0x0000080a                __vector_11
                0x0000080a                __vector_13
                0x0000080a                __vector_17
                0x0000080a                __vector_19
                0x0000080a                __vector_7
                0x0000080a                __vector_27
                0x0000080a                __vector_5
                0x0000080a                __vector_33
                0x0000080a                __vector_4
                0x0000080a                __vector_9
                0x0000080a                __vector_2
                0x0000080a                __vector_21
                0x0000080a                __vector_15
                0x0000080a                __vector_29
                0x0000080a                __vector_8
                0x0000080a                __vector_26
                0x0000080a                __vector_10
                0x0000080a                __vector_16
                0x0000080a                __vector_20
                0x0000080c                . = ALIGN (0x2)
 *(.text.*)
 .text.detumbling
                0x0000080c      0x1d2 controller.o
                0x0000080c                detumbling
 .text.nominal  0x000009de      0x336 controller.o
                0x000009de                nominal
 .text.apply_torque
                0x00000d14      0x364 controller.o
                0x00000d14                apply_torque
 .text.control  0x00001078      0x7be controller.o
                0x00001078                control
 .text.days_in_months
                0x00001836       0xee frame.o
                0x00001836                days_in_months
 .text.get_seconds_since_pivot
                0x00001924      0x32e frame.o
                0x00001924                get_seconds_since_pivot
 .text.get_seconds_since_equinox
                0x00001c52       0xa6 frame.o
                0x00001c52                get_seconds_since_equinox
 .text.ecef2eci
                0x00001cf8      0x116 frame.o
                0x00001cf8                ecef2eci
 .text.eci2ecef
                0x00001e0e      0x114 frame.o
                0x00001e0e                eci2ecef
 .text.eci2orbit
                0x00001f22      0x164 frame.o
                0x00001f22                eci2orbit
 .text.ecef2lla
                0x00002086      0x314 frame.o
                0x00002086                ecef2lla
 .text.ned2ecef
                0x0000239a      0x16a frame.o
                0x0000239a                ned2ecef
 .text.__vector_18
                0x00002504      0x5de gps.o
                0x00002504                __vector_18
 .text.igrf     0x00002ae2      0xd6a igrf.o
                0x00002ae2                igrf
 .text.init_UART_MM
                0x0000384c       0x38 mag.o
                0x0000384c                init_UART_MM
 .text.poll_MM1
                0x00003884      0x150 mag.o
                0x00003884                poll_MM1
 .text.__vector_30
                0x000039d4      0x1a4 mag.o
                0x000039d4                __vector_30
 .text.copy_vector
                0x00003b78       0x40 mathutil.o
                0x00003b78                copy_vector
 .text.copy_quaternion
                0x00003bb8       0x20 mathutil.o
                0x00003bb8                copy_quaternion
 .text.vector_norm
                0x00003bd8       0xe4 mathutil.o
                0x00003bd8                vector_norm
 .text.quaternion_norm
                0x00003cbc      0x156 mathutil.o
                0x00003cbc                quaternion_norm
 .text.vector_dot_product
                0x00003e12       0x88 mathutil.o
                0x00003e12                vector_dot_product
 .text.add_vectors
                0x00003e9a       0x5e mathutil.o
                0x00003e9a                add_vectors
 .text.vector_into_matrix
                0x00003ef8       0xbc mathutil.o
                0x00003ef8                vector_into_matrix
 .text.vector_cross_product
                0x00003fb4      0x102 mathutil.o
                0x00003fb4                vector_cross_product
 .text.scalar_into_vector
                0x000040b6       0x68 mathutil.o
                0x000040b6                scalar_into_vector
 .text.scalar_into_quaternion
                0x0000411e       0x4c mathutil.o
                0x0000411e                scalar_into_quaternion
 .text.convert_unit_vector
                0x0000416a       0x6a mathutil.o
                0x0000416a                convert_unit_vector
 .text.convert_unit_quaternion
                0x000041d4       0x4e mathutil.o
                0x000041d4                convert_unit_quaternion
 .text.read_GPS
                0x00004222        0x4 peripherals.o
                0x00004222                read_GPS
 .text.read_SS  0x00004226        0x6 peripherals.o
                0x00004226                read_SS
 .text.read_MM  0x0000422c        0x4 peripherals.o
                0x0000422c                read_MM
 .text.configure_torquer
                0x00004230       0x54 peripherals.o
                0x00004230                configure_torquer
 .text.set_PWM  0x00004284       0x62 peripherals.o
                0x00004284                set_PWM
 .text.reset_PWM
                0x000042e6       0x28 peripherals.o
                0x000042e6                reset_PWM
 .text.copy_gps_reading
                0x0000430e      0x1c8 propagator.o
                0x0000430e                copy_gps_reading
 .text.sgp_get_acceleration
                0x000044d6      0x1e6 propagator.o
                0x000044d6                sgp_get_acceleration
 .text.sgp_orbit_propagator
                0x000046bc      0x13a propagator.o
                0x000046bc                sgp_orbit_propagator
 .text.sun_vector_estimator
                0x000047f6      0x19e propagator.o
                0x000047f6                sun_vector_estimator
 .text.magnetic_field_estimator
                0x00004994       0xf6 propagator.o
                0x00004994                magnetic_field_estimator
 .text.light_cal
                0x00004a8a       0x50 quest.o
                0x00004a8a                light_cal
 .text.quest    0x00004ada      0x802 quest.o
                0x00004ada                quest
 .text.omega_estimation
                0x000052dc      0x57e quest.o
                0x000052dc                omega_estimation
 .text.init_SPI
                0x0000585a       0x1a spi.o
                0x0000585a                init_SPI
 .text.poll_SS1
                0x00005874       0x9e sun.o
                0x00005874                poll_SS1
 .text.timer_reset_two_sec
                0x00005912       0x20 timer.o
                0x00005912                timer_reset_two_sec
 .text.timer_wait_reset
                0x00005932        0xa timer.o
                0x00005932                timer_wait_reset
 .text.init_UART0
                0x0000593c       0x22 uart.o
                0x0000593c                init_UART0
 .text.transmit_UART0
                0x0000595e        0x8 uart.o
                0x0000595e                transmit_UART0
 .text.receive_UART0
                0x00005966        0x8 uart.o
                0x00005966                receive_UART0
 .text.timer1_init
                0x0000596e       0x18 xyz.o
                0x0000596e                timer1_init
 .text.__vector_14
                0x00005986       0x22 xyz.o
                0x00005986                __vector_14
 .text.TWI_init_master
                0x000059a8       0x10 xyz.o
                0x000059a8                TWI_init_master
 .text.SendHM   0x000059b8       0x28 xyz.o
                0x000059b8                SendHM
 .text.main     0x000059e0      0x7f4 xyz.o
                0x000059e0                main
 .text.avr-libc.fplib
                0x000061d4       0x1c c:/program files (x86)/atmel/studio/7.0/toolchain/avr8/avr8-gnu-toolchain/bin/../lib/gcc/avr/4.9.2/../../../../avr/lib/avr51\libm.a(acos.o)
                0x000061d4                acos
 .text.avr-libc.fplib
                0x000061f0        0xa c:/program files (x86)/atmel/studio/7.0/toolchain/avr8/avr8-gnu-toolchain/bin/../lib/gcc/avr/4.9.2/../../../../avr/lib/avr51\libm.a(addsf3.o)
                0x000061f0                __subsf3
                0x000061f2                __addsf3
 .text.avr-libc.fplib
                0x000061fa       0xc0 c:/program files (x86)/atmel/studio/7.0/toolchain/avr8/avr8-gnu-toolchain/bin/../lib/gcc/avr/4.9.2/../../../../avr/lib/avr51\libm.a(addsf3x.o)
                0x00006214                __addsf3x
 .text.avr-libc.fplib
                0x000062ba       0x2e c:/program files (x86)/atmel/studio/7.0/toolchain/avr8/avr8-gnu-toolchain/bin/../lib/gcc/avr/4.9.2/../../../../avr/lib/avr51\libm.a(asin.o)
                0x000062ba                asin
 .text.avr-libc.fplib
                0x000062e8       0x74 c:/program files (x86)/atmel/studio/7.0/toolchain/avr8/avr8-gnu-toolchain/bin/../lib/gcc/avr/4.9.2/../../../../avr/lib/avr51\libm.a(atan2.o)
                0x00006306                atan2
 .text.avr-libc.fplib
                0x0000635c       0x50 c:/program files (x86)/atmel/studio/7.0/toolchain/avr8/avr8-gnu-toolchain/bin/../lib/gcc/avr/4.9.2/../../../../avr/lib/avr51\libm.a(atan.o)
                0x0000635c                atan
 .text.avr-libc.fplib
                0x000063ac        0x8 c:/program files (x86)/atmel/studio/7.0/toolchain/avr8/avr8-gnu-toolchain/bin/../lib/gcc/avr/4.9.2/../../../../avr/lib/avr51\libm.a(cmpsf2.o)
                0x000063ac                __nesf2
                0x000063ac                __eqsf2
                0x000063ac                __cmpsf2
                0x000063ac                __ltsf2
                0x000063ac                __lesf2
 .text.avr-libc.fplib
                0x000063b4        0x6 c:/program files (x86)/atmel/studio/7.0/toolchain/avr8/avr8-gnu-toolchain/bin/../lib/gcc/avr/4.9.2/../../../../avr/lib/avr51\libm.a(cos.o)
                0x000063b4                cos
 .text.avr-libc.fplib
                0x000063ba        0x4 c:/program files (x86)/atmel/studio/7.0/toolchain/avr8/avr8-gnu-toolchain/bin/../lib/gcc/avr/4.9.2/../../../../avr/lib/avr51\libm.a(divsf3.o)
                0x000063ba                __divsf3
 .text.avr-libc.fplib
                0x000063be       0xcc c:/program files (x86)/atmel/studio/7.0/toolchain/avr8/avr8-gnu-toolchain/bin/../lib/gcc/avr/4.9.2/../../../../avr/lib/avr51\libm.a(divsf3x.o)
                0x000063d4                __divsf3x
                0x000063d8                __divsf3_pse
 .text.avr-libc.fplib
                0x0000648a        0xa c:/program files (x86)/atmel/studio/7.0/toolchain/avr8/avr8-gnu-toolchain/bin/../lib/gcc/avr/4.9.2/../../../../avr/lib/avr51\libm.a(fixsfsi.o)
                0x0000648a                __fixsfsi
 .text.avr-libc.fplib
                0x00006494       0x58 c:/program files (x86)/atmel/studio/7.0/toolchain/avr8/avr8-gnu-toolchain/bin/../lib/gcc/avr/4.9.2/../../../../avr/lib/avr51\libm.a(fixunssfsi.o)
                0x00006494                __fixunssfsi
 .text.avr-libc.fplib
                0x000064ec       0x7a c:/program files (x86)/atmel/studio/7.0/toolchain/avr8/avr8-gnu-toolchain/bin/../lib/gcc/avr/4.9.2/../../../../avr/lib/avr51\libm.a(floatsisf.o)
                0x000064ec                __floatunsisf
                0x000064f0                __floatsisf
 .text.avr-libc.fplib
                0x00006566       0x7c c:/program files (x86)/atmel/studio/7.0/toolchain/avr8/avr8-gnu-toolchain/bin/../lib/gcc/avr/4.9.2/../../../../avr/lib/avr51\libm.a(floatundisf.o)
                0x00006566                __floatundisf
                0x00006568                __fp_di2sf
 .text.avr-libc.fplib
                0x000065e2       0x36 c:/program files (x86)/atmel/studio/7.0/toolchain/avr8/avr8-gnu-toolchain/bin/../lib/gcc/avr/4.9.2/../../../../avr/lib/avr51\libm.a(fp_arccos.o)
                0x000065e2                __fp_arccos
 .text.avr-libc.fplib
                0x00006618       0x48 c:/program files (x86)/atmel/studio/7.0/toolchain/avr8/avr8-gnu-toolchain/bin/../lib/gcc/avr/4.9.2/../../../../avr/lib/avr51\libm.a(fp_cmp.o)
                0x00006618                __fp_cmp
 .text.avr-libc.fplib
                0x00006660        0xc c:/program files (x86)/atmel/studio/7.0/toolchain/avr8/avr8-gnu-toolchain/bin/../lib/gcc/avr/4.9.2/../../../../avr/lib/avr51\libm.a(fp_inf.o)
                0x00006660                __fp_inf
 .text.avr-libc.fplib
                0x0000666c        0x6 c:/program files (x86)/atmel/studio/7.0/toolchain/avr8/avr8-gnu-toolchain/bin/../lib/gcc/avr/4.9.2/../../../../avr/lib/avr51\libm.a(fp_nan.o)
                0x0000666c                __fp_nan
 .text.avr-libc.fplib
                0x00006672       0x4a c:/program files (x86)/atmel/studio/7.0/toolchain/avr8/avr8-gnu-toolchain/bin/../lib/gcc/avr/4.9.2/../../../../avr/lib/avr51\libm.a(fp_powser.o)
                0x00006672                __fp_powser
 .text.avr-libc.fplib
                0x000066bc       0x22 c:/program files (x86)/atmel/studio/7.0/toolchain/avr8/avr8-gnu-toolchain/bin/../lib/gcc/avr/4.9.2/../../../../avr/lib/avr51\libm.a(fp_powsodd.o)
                0x000066bc                __fp_powsodd
 .text.avr-libc.fplib
                0x000066de        0xe c:/program files (x86)/atmel/studio/7.0/toolchain/avr8/avr8-gnu-toolchain/bin/../lib/gcc/avr/4.9.2/../../../../avr/lib/avr51\libm.a(fp_pscA.o)
                0x000066de                __fp_pscA
 .text.avr-libc.fplib
                0x000066ec        0xe c:/program files (x86)/atmel/studio/7.0/toolchain/avr8/avr8-gnu-toolchain/bin/../lib/gcc/avr/4.9.2/../../../../avr/lib/avr51\libm.a(fp_pscB.o)
                0x000066ec                __fp_pscB
 .text.avr-libc.fplib
                0x000066fa       0x50 c:/program files (x86)/atmel/studio/7.0/toolchain/avr8/avr8-gnu-toolchain/bin/../lib/gcc/avr/4.9.2/../../../../avr/lib/avr51\libm.a(fp_rempio2.o)
                0x000066fc                __fp_rempio2
 .text.avr-libc.fplib
                0x0000674a       0x22 c:/program files (x86)/atmel/studio/7.0/toolchain/avr8/avr8-gnu-toolchain/bin/../lib/gcc/avr/4.9.2/../../../../avr/lib/avr51\libm.a(fp_round.o)
                0x0000674a                __fp_round
 .text.avr-libc.fplib
                0x0000676c       0x22 c:/program files (x86)/atmel/studio/7.0/toolchain/avr8/avr8-gnu-toolchain/bin/../lib/gcc/avr/4.9.2/../../../../avr/lib/avr51\libm.a(fp_sinus.o)
                0x0000676c                __fp_sinus
 .text.avr-libc.fplib
                0x0000678e       0x44 c:/program files (x86)/atmel/studio/7.0/toolchain/avr8/avr8-gnu-toolchain/bin/../lib/gcc/avr/4.9.2/../../../../avr/lib/avr51\libm.a(fp_split3.o)
                0x0000678e                __fp_split3
                0x0000679e                __fp_splitA
 .text.avr-libc.fplib
                0x000067d2        0xe c:/program files (x86)/atmel/studio/7.0/toolchain/avr8/avr8-gnu-toolchain/bin/../lib/gcc/avr/4.9.2/../../../../avr/lib/avr51\libm.a(fp_zero.o)
                0x000067d2                __fp_zero
                0x000067d4                __fp_szero
 .text.avr-libc.fplib
                0x000067e0        0x8 c:/program files (x86)/atmel/studio/7.0/toolchain/avr8/avr8-gnu-toolchain/bin/../lib/gcc/avr/4.9.2/../../../../avr/lib/avr51\libm.a(gesf2.o)
                0x000067e0                __gesf2
                0x000067e0                __gtsf2
 .text.avr-libc.fplib
                0x000067e8        0xe c:/program files (x86)/atmel/studio/7.0/toolchain/avr8/avr8-gnu-toolchain/bin/../lib/gcc/avr/4.9.2/../../../../avr/lib/avr51\libm.a(inverse.o)
                0x000067e8                inverse
 .text.avr-libc.fplib
                0x000067f6        0x4 c:/program files (x86)/atmel/studio/7.0/toolchain/avr8/avr8-gnu-toolchain/bin/../lib/gcc/avr/4.9.2/../../../../avr/lib/avr51\libm.a(mulsf3.o)
                0x000067f6                __mulsf3
 .text.avr-libc.fplib
                0x000067fa       0xc2 c:/program files (x86)/atmel/studio/7.0/toolchain/avr8/avr8-gnu-toolchain/bin/../lib/gcc/avr/4.9.2/../../../../avr/lib/avr51\libm.a(mulsf3x.o)
                0x0000680e                __mulsf3x
                0x00006812                __mulsf3_pse
 .text.avr-libc.fplib
                0x000068bc       0x98 c:/program files (x86)/atmel/studio/7.0/toolchain/avr8/avr8-gnu-toolchain/bin/../lib/gcc/avr/4.9.2/../../../../avr/lib/avr51\libm.a(pow.o)
                0x000068bc                pow
 .text.avr-libc.fplib
                0x00006954        0xc c:/program files (x86)/atmel/studio/7.0/toolchain/avr8/avr8-gnu-toolchain/bin/../lib/gcc/avr/4.9.2/../../../../avr/lib/avr51\libm.a(sin.o)
                0x00006954                sin
 .text.avr-libc.fplib
                0x00006960       0x84 c:/program files (x86)/atmel/studio/7.0/toolchain/avr8/avr8-gnu-toolchain/bin/../lib/gcc/avr/4.9.2/../../../../avr/lib/avr51\libm.a(sqrt.o)
                0x00006968                sqrtf
                0x00006968                sqrt
 .text.avr-libc.fplib
                0x000069e4        0x6 c:/program files (x86)/atmel/studio/7.0/toolchain/avr8/avr8-gnu-toolchain/bin/../lib/gcc/avr/4.9.2/../../../../avr/lib/avr51\libm.a(square.o)
                0x000069e4                square
 .text.avr-libc.fplib
                0x000069ea       0x62 c:/program files (x86)/atmel/studio/7.0/toolchain/avr8/avr8-gnu-toolchain/bin/../lib/gcc/avr/4.9.2/../../../../avr/lib/avr51\libm.a(exp.o)
                0x000069f4                exp
 .text.avr-libc.fplib
                0x00006a4c       0x1c c:/program files (x86)/atmel/studio/7.0/toolchain/avr8/avr8-gnu-toolchain/bin/../lib/gcc/avr/4.9.2/../../../../avr/lib/avr51\libm.a(fp_mpack.o)
                0x00006a4c                __fp_mpack
                0x00006a50                __fp_mpack_finite
 .text.avr-libc.fplib
                0x00006a68        0xe c:/program files (x86)/atmel/studio/7.0/toolchain/avr8/avr8-gnu-toolchain/bin/../lib/gcc/avr/4.9.2/../../../../avr/lib/avr51\libm.a(fp_norm2.o)
                0x00006a68                __fp_norm2
 .text.avr-libc.fplib
                0x00006a76       0x6c c:/program files (x86)/atmel/studio/7.0/toolchain/avr8/avr8-gnu-toolchain/bin/../lib/gcc/avr/4.9.2/../../../../avr/lib/avr51\libm.a(ldexp.o)
                0x00006a7a                ldexp
 .text.avr-libc.fplib
                0x00006ae2       0x8a c:/program files (x86)/atmel/studio/7.0/toolchain/avr8/avr8-gnu-toolchain/bin/../lib/gcc/avr/4.9.2/../../../../avr/lib/avr51\libm.a(log.o)
                0x00006aec                log
 .text.avr-libc.fplib
                0x00006b6c       0x66 c:/program files (x86)/atmel/studio/7.0/toolchain/avr8/avr8-gnu-toolchain/bin/../lib/gcc/avr/4.9.2/../../../../avr/lib/avr51\libm.a(modf.o)
                0x00006b6c                modf
                0x00006b6c                modff
 .text.libgcc.div
                0x00006bd2       0x26 c:/program files (x86)/atmel/studio/7.0/toolchain/avr8/avr8-gnu-toolchain/bin/../lib/gcc/avr/4.9.2/avr51\libgcc.a(_divmodhi4.o)
                0x00006bd2                _div
                0x00006bd2                __divmodhi4
 .text.libgcc   0x00006bf8       0x12 c:/program files (x86)/atmel/studio/7.0/toolchain/avr8/avr8-gnu-toolchain/bin/../lib/gcc/avr/4.9.2/avr51\libgcc.a(_tablejump2.o)
                0x00006bf8                __tablejump2__
 .text.libgcc.mul
                0x00006c0a       0x1e c:/program files (x86)/atmel/studio/7.0/toolchain/avr8/avr8-gnu-toolchain/bin/../lib/gcc/avr/4.9.2/avr51\libgcc.a(_umulhisi3.o)
                0x00006c0a                __umulhisi3
 .text.libgcc.builtins
                0x00006c28       0x32 c:/program files (x86)/atmel/studio/7.0/toolchain/avr8/avr8-gnu-toolchain/bin/../lib/gcc/avr/4.9.2/avr51\libgcc.a(_ashldi3.o)
                0x00006c28                __ashldi3
 .text.libgcc   0x00006c5a       0x12 c:/program files (x86)/atmel/studio/7.0/toolchain/avr8/avr8-gnu-toolchain/bin/../lib/gcc/avr/4.9.2/avr51\libgcc.a(_adddi3.o)
                0x00006c5a                __adddi3
 .text.libgcc   0x00006c6c       0x18 c:/program files (x86)/atmel/studio/7.0/toolchain/avr8/avr8-gnu-toolchain/bin/../lib/gcc/avr/4.9.2/avr51\libgcc.a(_adddi3_s8.o)
                0x00006c6c                __adddi3_s8
 .text.libgcc   0x00006c84       0x12 c:/program files (x86)/atmel/studio/7.0/toolchain/avr8/avr8-gnu-toolchain/bin/../lib/gcc/avr/4.9.2/avr51\libgcc.a(_subdi3.o)
                0x00006c84                __subdi3
 .text.libgcc   0x00006c96       0x12 c:/program files (x86)/atmel/studio/7.0/toolchain/avr8/avr8-gnu-toolchain/bin/../lib/gcc/avr/4.9.2/avr51\libgcc.a(_cmpdi2.o)
                0x00006c96                __cmpdi2
 .text.libgcc.div
                0x00006ca8       0x28 c:/program files (x86)/atmel/studio/7.0/toolchain/avr8/avr8-gnu-toolchain/bin/../lib/gcc/avr/4.9.2/avr51\libgcc.a(_udivmodhi4.o)
                0x00006ca8                __udivmodhi4
                0x00006cd0                . = ALIGN (0x2)
 *(.fini9)
 .fini9         0x00006cd0        0x0 c:/program files (x86)/atmel/studio/7.0/toolchain/avr8/avr8-gnu-toolchain/bin/../lib/gcc/avr/4.9.2/avr51\libgcc.a(_exit.o)
                0x00006cd0                _exit
                0x00006cd0                exit
 *(.fini9)
 *(.fini8)
 *(.fini8)
 *(.fini7)
 *(.fini7)
 *(.fini6)
 *(.fini6)
 *(.fini5)
 *(.fini5)
 *(.fini4)
 *(.fini4)
 *(.fini3)
 *(.fini3)
 *(.fini2)
 *(.fini2)
 *(.fini1)
 *(.fini1)
 *(.fini0)
 .fini0         0x00006cd0        0x4 c:/program files (x86)/atmel/studio/7.0/toolchain/avr8/avr8-gnu-toolchain/bin/../lib/gcc/avr/4.9.2/avr51\libgcc.a(_exit.o)
 *(.fini0)
                0x00006cd4                _etext = .

.data           0x00800100       0x92 load address 0x00006cd4
                0x00800100                PROVIDE (__data_start, .)
 *(.data)
 *(.data*)
 .data.gps_start
                0x00800100        0x4 controller.o
                0x00800100                gps_start
 .data.eclipse_time
                0x00800104        0x4 controller.o
                0x00800104                eclipse_time
 .data.num      0x00800108        0x2 controller.o
                0x00800108                num
 .data.tol_time
                0x0080010a        0x2 controller.o
                0x0080010a                tol_time
 .data.first_B  0x0080010c        0x1 controller.o
 .data.time     0x0080010d        0x1 gps.o
 .data.geo      0x0080010e        0x1 gps.o
 .data.dop      0x0080010f        0x1 gps.o
 .data.vel      0x00800110        0x1 gps.o
 .data.pos      0x00800111        0x1 gps.o
 .data.light_prev.2043
                0x00800112        0x1 quest.o
 .data.light_main
                0x00800113        0x1 xyz.o
                0x00800113                light_main
 .data.GPS_Data
                0x00800114        0xd xyz.o
                0x00800114                GPS_Data
 .data.UniversalCycles
                0x00800121        0x2 xyz.o
                0x00800121                UniversalCycles
 .data.write_data
                0x00800123        0x1 xyz.o
                0x00800123                write_data
 .data.Mode     0x00800124        0x1 xyz.o
                0x00800124                Mode
 .data.GPS_done
                0x00800125        0x1 xyz.o
                0x00800125                GPS_done
 *(.rodata)
 *(.rodata*)
 .rodata.m_Kd   0x00800126       0x24 controller.o
 .rodata.m_Ki   0x0080014a       0x24 controller.o
 .rodata.m_Kp   0x0080016e       0x24 controller.o
 *(.gnu.linkonce.d*)
                0x00800192                . = ALIGN (0x2)
                0x00800192                _edata = .
                0x00800192                PROVIDE (__data_end, .)

.bss            0x00800192      0x39b
                0x00800192                PROVIDE (__bss_start, .)
 *(.bss)
 *(.bss*)
 .bss.v_B_old.2116
                0x00800192        0xc controller.o
 .bss.v_m_temp  0x0080019e        0xc controller.o
                0x0080019e                v_m_temp
 .bss.time_l    0x008001aa        0x2 controller.o
                0x008001aa                time_l
 .bss.time_e    0x008001ac        0x2 controller.o
                0x008001ac                time_e
 .bss.gps_power
                0x008001ae        0x2 controller.o
                0x008001ae                gps_power
 .bss.flag_on   0x008001b0        0x2 controller.o
                0x008001b0                flag_on
 .bss.avg_md_new
                0x008001b2        0x4 controller.o
                0x008001b2                avg_md_new
 .bss.avg_md    0x008001b6        0x4 controller.o
                0x008001b6                avg_md
 .bss.md_start  0x008001ba        0x4 controller.o
                0x008001ba                md_start
 .bss.norm_m_d  0x008001be        0x4 controller.o
                0x008001be                norm_m_d
 .bss.start_time
                0x008001c2        0x2 controller.o
                0x008001c2                start_time
 .bss.star_flag
                0x008001c4        0x1 controller.o
                0x008001c4                star_flag
 .bss.t_now     0x008001c5        0x8 controller.o
                0x008001c5                t_now
 .bss.flag_D    0x008001cd        0x2 controller.o
                0x008001cd                flag_D
 .bss.flag_N    0x008001cf        0x2 controller.o
                0x008001cf                flag_N
 .bss.w_ctrl    0x008001d1        0x1 controller.o
 .bss.light     0x008001d2        0x1 controller.o
 .bss.v_ieu     0x008001d3        0xc controller.o
 .bss.v_w       0x008001df        0xc controller.o
 .bss.v_B       0x008001eb        0xc controller.o
 .bss.message_end
                0x008001f7        0x1 gps.o
 .bss.last_byte
                0x008001f8        0x1 gps.o
 .bss.buffer    0x008001f9        0x4 gps.o
 .bss.sl        0x008001fd       0x3c igrf.o
 .bss.cl        0x00800239       0x3c igrf.o
 .bss.q         0x00800275       0xc8 igrf.o
 .bss.p         0x0080033d       0xc8 igrf.o
 .bss.z         0x00800405        0x2 mag.o
 .bss.y         0x00800407        0x2 mag.o
 .bss.x         0x00800409        0x2 mag.o
 .bss.mag_count
                0x0080040b        0x1 mag.o
                0x0080040b                mag_count
 .bss.v_v_ecef.2075
                0x0080040c        0xc propagator.o
 .bss.v_r_ecef.2074
                0x00800418        0xc propagator.o
 .bss.frtm      0x00800424        0x4 propagator.o
 .bss.v_v       0x00800428        0xc propagator.o
 .bss.r_ecef_ash
                0x00800434        0xc propagator.o
 .bss.v_r       0x00800440        0xc propagator.o
 .bss.time_since_light.2042
                0x0080044c        0x2 quest.o
 .bss.v_w_old   0x0080044e        0xc quest.o
 .bss.q_B_old   0x0080045a       0x10 quest.o
 .bss.flag_mumbai
                0x0080046a        0x1 xyz.o
                0x0080046a                flag_mumbai
 .bss.flag_france
                0x0080046b        0x1 xyz.o
                0x0080046b                flag_france
 .bss.flag_india
                0x0080046c        0x1 xyz.o
                0x0080046c                flag_india
 .bss.countu    0x0080046d        0x1 xyz.o
                0x0080046d                countu
 .bss.countd    0x0080046e        0x1 xyz.o
                0x0080046e                countd
 .bss.FirstTimeNormal
                0x0080046f        0x1 xyz.o
                0x0080046f                FirstTimeNormal
 .bss.FirstTimeInner
                0x00800470        0x1 xyz.o
                0x00800470                FirstTimeInner
 .bss.FirstTimeOuter
                0x00800471        0x1 xyz.o
                0x00800471                FirstTimeOuter
 .bss.counter1  0x00800472        0x2 xyz.o
                0x00800472                counter1
 *(COMMON)
 COMMON         0x00800474       0x14 controller.o
                0x00800474                q_o
                0x00800484                mod_w
 COMMON         0x00800488       0x10 frame.o
                0x00800488                seconds_since_pivot
                0x00800490                seconds_since_equinox
 COMMON         0x00800498        0x7 mag.o
                0x00800498                mag_data
 COMMON         0x0080049f        0xc propagator.o
                0x0080049f                v_sat
 COMMON         0x008004ab       0x82 xyz.o
                0x008004ab                Current_state
                0x0080051c                recv_data
                0x0080051d                tot_overflow
                0x0080051e                Time
                0x00800526                HM_Data
                0x0080052d                PROVIDE (__bss_end, .)
                0x00006cd4                __data_load_start = LOADADDR (.data)
                0x00006d66                __data_load_end = (__data_load_start + SIZEOF (.data))

.noinit         0x0080052d        0x0
                [!provide]                PROVIDE (__noinit_start, .)
 *(.noinit*)
                [!provide]                PROVIDE (__noinit_end, .)
                0x0080052d                _end = .
                [!provide]                PROVIDE (__heap_start, .)

.eeprom         0x00810000        0x0
 *(.eeprom*)
                0x00810000                __eeprom_end = .

.fuse
 *(.fuse)
 *(.lfuse)
 *(.hfuse)
 *(.efuse)

.lock
 *(.lock*)

.signature
 *(.signature*)

.user_signatures
 *(.user_signatures*)

.stab
 *(.stab)

.stabstr
 *(.stabstr)

.stab.excl
 *(.stab.excl)

.stab.exclstr
 *(.stab.exclstr)

.stab.index
 *(.stab.index)

.stab.indexstr
 *(.stab.indexstr)

.comment        0x00000000       0x30
 *(.comment)
 .comment       0x00000000       0x30 controller.o
                                 0x31 (size before relaxing)
 .comment       0x00000030       0x31 frame.o
 .comment       0x00000030       0x31 gps.o
 .comment       0x00000030       0x31 igrf.o
 .comment       0x00000030       0x31 mag.o
 .comment       0x00000030       0x31 mathutil.o
 .comment       0x00000030       0x31 peripherals.o
 .comment       0x00000030       0x31 propagator.o
 .comment       0x00000030       0x31 quest.o
 .comment       0x00000030       0x31 spi.o
 .comment       0x00000030       0x31 sun.o
 .comment       0x00000030       0x31 timer.o
 .comment       0x00000030       0x31 uart.o
 .comment       0x00000030       0x31 xyz.o

.note.gnu.avr.deviceinfo
                0x00000000       0x3c
 .note.gnu.avr.deviceinfo
                0x00000000       0x3c C:/Program Files (x86)/Atmel/Studio/7.0/Packs/atmel/ATmega_DFP/1.0.106/gcc/dev/atmega128/avr51/crtatmega128.o

.note.gnu.build-id
 *(.note.gnu.build-id)

.debug
 *(.debug)

.line
 *(.line)

.debug_srcinfo
 *(.debug_srcinfo)

.debug_sfnames
 *(.debug_sfnames)

.debug_aranges  0x00000000      0x3d0
 *(.debug_aranges)
 .debug_aranges
                0x00000000       0x38 controller.o
 .debug_aranges
                0x00000038       0x58 frame.o
 .debug_aranges
                0x00000090       0x28 gps.o
 .debug_aranges
                0x000000b8       0x20 igrf.o
 .debug_aranges
                0x000000d8       0x48 mag.o
 .debug_aranges
                0x00000120       0x78 mathutil.o
 .debug_aranges
                0x00000198       0x48 peripherals.o
 .debug_aranges
                0x000001e0       0x40 propagator.o
 .debug_aranges
                0x00000220       0x30 quest.o
 .debug_aranges
                0x00000250       0x40 spi.o
 .debug_aranges
                0x00000290       0x40 sun.o
 .debug_aranges
                0x000002d0       0x30 timer.o
 .debug_aranges
                0x00000300       0x58 uart.o
 .debug_aranges
                0x00000358       0x78 xyz.o

.debug_pubnames
 *(.debug_pubnames)

.debug_info     0x00000000     0x6a74
 *(.debug_info .gnu.linkonce.wi.*)
 .debug_info    0x00000000      0xfcc controller.o
 .debug_info    0x00000fcc      0xcd6 frame.o
 .debug_info    0x00001ca2      0x48f gps.o
 .debug_info    0x00002131      0x4f9 igrf.o
 .debug_info    0x0000262a      0x79d mag.o
 .debug_info    0x00002dc7      0x41c mathutil.o
 .debug_info    0x000031e3      0x445 peripherals.o
 .debug_info    0x00003628      0xaee propagator.o
 .debug_info    0x00004116      0xb8f quest.o
 .debug_info    0x00004ca5      0x14c spi.o
 .debug_info    0x00004df1      0xc96 sun.o
 .debug_info    0x00005a87      0x151 timer.o
 .debug_info    0x00005bd8      0x1a5 uart.o
 .debug_info    0x00005d7d      0xcf7 xyz.o

.debug_abbrev   0x00000000     0x179e
 *(.debug_abbrev)
 .debug_abbrev  0x00000000      0x2e8 controller.o
 .debug_abbrev  0x000002e8      0x218 frame.o
 .debug_abbrev  0x00000500      0x100 gps.o
 .debug_abbrev  0x00000600      0x131 igrf.o
 .debug_abbrev  0x00000731      0x278 mag.o
 .debug_abbrev  0x000009a9      0x12b mathutil.o
 .debug_abbrev  0x00000ad4      0x107 peripherals.o
 .debug_abbrev  0x00000bdb      0x1f9 propagator.o
 .debug_abbrev  0x00000dd4      0x1e3 quest.o
 .debug_abbrev  0x00000fb7       0xca spi.o
 .debug_abbrev  0x00001081      0x263 sun.o
 .debug_abbrev  0x000012e4      0x10d timer.o
 .debug_abbrev  0x000013f1       0xf6 uart.o
 .debug_abbrev  0x000014e7      0x2b7 xyz.o

.debug_line     0x00000000     0x2e9f
 *(.debug_line .debug_line.* .debug_line_end)
 .debug_line    0x00000000      0x63d controller.o
 .debug_line    0x0000063d      0x32f frame.o
 .debug_line    0x0000096c      0x3a6 gps.o
 .debug_line    0x00000d12      0x253 igrf.o
 .debug_line    0x00000f65      0x313 mag.o
 .debug_line    0x00001278      0x255 mathutil.o
 .debug_line    0x000014cd      0x1e8 peripherals.o
 .debug_line    0x000016b5      0x29b propagator.o
 .debug_line    0x00001950      0x39a quest.o
 .debug_line    0x00001cea      0x152 spi.o
 .debug_line    0x00001e3c      0x3c4 sun.o
 .debug_line    0x00002200      0x174 timer.o
 .debug_line    0x00002374      0x21a uart.o
 .debug_line    0x0000258e      0x911 xyz.o

.debug_frame    0x00000000      0xfac
 *(.debug_frame)
 .debug_frame   0x00000000      0x1bc controller.o
 .debug_frame   0x000001bc      0x2bc frame.o
 .debug_frame   0x00000478       0x64 gps.o
 .debug_frame   0x000004dc       0x84 igrf.o
 .debug_frame   0x00000560      0x110 mag.o
 .debug_frame   0x00000670      0x2d0 mathutil.o
 .debug_frame   0x00000940       0x74 peripherals.o
 .debug_frame   0x000009b4      0x1bc propagator.o
 .debug_frame   0x00000b70      0x128 quest.o
 .debug_frame   0x00000c98       0x64 spi.o
 .debug_frame   0x00000cfc       0xcc sun.o
 .debug_frame   0x00000dc8       0x44 timer.o
 .debug_frame   0x00000e0c       0xac uart.o
 .debug_frame   0x00000eb8       0xf4 xyz.o

.debug_str      0x00000000      0xd61
 *(.debug_str)
 .debug_str     0x00000000      0x545 controller.o
                                0x604 (size before relaxing)
 .debug_str     0x00000545      0x132 frame.o
                                0x42e (size before relaxing)
 .debug_str     0x00000677       0x57 gps.o
                                0x30a (size before relaxing)
 .debug_str     0x000006ce       0x4e igrf.o
                                0x1ed (size before relaxing)
 .debug_str     0x0000071c       0x9d mag.o
                                0x3a4 (size before relaxing)
 .debug_str     0x000007b9       0x86 mathutil.o
                                0x28a (size before relaxing)
 .debug_str     0x0000083f       0x37 peripherals.o
                                0x302 (size before relaxing)
 .debug_str     0x00000876       0xba propagator.o
                                0x46f (size before relaxing)
 .debug_str     0x00000930       0xd3 quest.o
                                0x454 (size before relaxing)
 .debug_str     0x00000a03       0x62 spi.o
                                0x1d5 (size before relaxing)
 .debug_str     0x00000a65       0x9f sun.o
                                0x3c8 (size before relaxing)
 .debug_str     0x00000b04       0x5c timer.o
                                0x1d5 (size before relaxing)
 .debug_str     0x00000b60       0x60 uart.o
                                0x207 (size before relaxing)
 .debug_str     0x00000bc0      0x1a1 xyz.o
                                0x550 (size before relaxing)

.debug_loc      0x00000000     0x4e8b
 *(.debug_loc)
 .debug_loc     0x00000000      0x6a0 controller.o
 .debug_loc     0x000006a0     0x10c4 frame.o
 .debug_loc     0x00001764       0x8a gps.o
 .debug_loc     0x000017ee      0xa65 igrf.o
 .debug_loc     0x00002253      0x2f9 mag.o
 .debug_loc     0x0000254c      0xb97 mathutil.o
 .debug_loc     0x000030e3      0x623 propagator.o
 .debug_loc     0x00003706      0x805 quest.o
 .debug_loc     0x00003f0b       0x8a spi.o
 .debug_loc     0x00003f95      0x61c sun.o
 .debug_loc     0x000045b1       0x39 timer.o
 .debug_loc     0x000045ea       0xc8 uart.o
 .debug_loc     0x000046b2      0x7d9 xyz.o

.debug_macinfo
 *(.debug_macinfo)

.debug_weaknames
 *(.debug_weaknames)

.debug_funcnames
 *(.debug_funcnames)

.debug_typenames
 *(.debug_typenames)

.debug_varnames
 *(.debug_varnames)

.debug_pubtypes
 *(.debug_pubtypes)

.debug_ranges   0x00000000      0x308
 *(.debug_ranges)
 .debug_ranges  0x00000000       0x28 controller.o
 .debug_ranges  0x00000028       0x48 frame.o
 .debug_ranges  0x00000070       0x18 gps.o
 .debug_ranges  0x00000088       0x10 igrf.o
 .debug_ranges  0x00000098       0x38 mag.o
 .debug_ranges  0x000000d0       0x68 mathutil.o
 .debug_ranges  0x00000138       0x38 peripherals.o
 .debug_ranges  0x00000170       0x30 propagator.o
 .debug_ranges  0x000001a0       0x38 quest.o
 .debug_ranges  0x000001d8       0x30 spi.o
 .debug_ranges  0x00000208       0x30 sun.o
 .debug_ranges  0x00000238       0x20 timer.o
 .debug_ranges  0x00000258       0x48 uart.o
 .debug_ranges  0x000002a0       0x68 xyz.o

.debug_macro
 *(.debug_macro)
OUTPUT(xyz.elf elf32-avr)
LOAD linker stubs
